App.tsx(71,50): error TS2339: Property 'env' does not exist on type 'ImportMeta'.
components/ProjectWorkflowPage.tsx(80,38): error TS2339: Property 'env' does not exist on type 'ImportMeta'.
